-- The C compiler identification is GNU 13.3.0
-- The CXX compiler identification is GNU 13.3.0
-- Detecting C compiler ABI info
-- Detecting C compiler ABI info - done
-- Check for working C compiler: /usr/bin/cc - skipped
-- Detecting C compile features
-- Detecting C compile features - done
-- Detecting CXX compiler ABI info
-- Detecting CXX compiler ABI info - done
-- Check for working CXX compiler: /usr/bin/c++ - skipped
-- Detecting CXX compile features
-- Detecting CXX compile features - done
-- Found boost::coroutine2.
-- Performing Test CMAKE_HAVE_LIBC_PTHREAD
-- Performing Test CMAKE_HAVE_LIBC_PTHREAD - Success
-- Found Threads: TRUE  
-- Found ZMQ: /usr/lib/x86_64-linux-gnu/libzmq.so  
-- ZeroMQ: found.
-- Found Python3: /usr/bin/python3 (found version "3.12.3") found components: Interpreter 
-- Override CMake install command with custom implementation using symlinks instead of copying resources
-- ------------------------------------------
-- BehaviourTree is being built using AMENT.
-- ------------------------------------------
-- NCurses: found.
-- Found ament_index_cpp: 1.8.2 (/opt/ros/jazzy/share/ament_index_cpp/cmake)
-- BEHAVIOR_TREE_LIB_DESTINATION:   lib 
-- BEHAVIOR_TREE_BIN_DESTINATION:   bin 
-- BUILD_UNIT_TESTS:   ON 
-- Found ament_cmake_gtest: 2.5.6 (/opt/ros/jazzy/share/ament_cmake_gtest/cmake)
-- Found gtest sources under '/opt/ros/jazzy/src/gtest_vendor': C++ tests using 'Google Test' will be built
-- Configuring done (2.2s)
-- Generating done (0.2s)
-- Build files have been written to: /home/edmund-munene/Documents/Programming-language-basics/Linux/Robotics/AConciseIntroductiontoRobotProgrammingwithROS2/bookros2_ws/build/behaviortree_cpp_v3
[  1%] [32mBuilding CXX object gtest/CMakeFiles/gtest_main.dir/src/gtest_main.cc.o[0m
[  2%] [32mBuilding CXX object CMakeFiles/behaviortree_cpp_v3.dir/src/loggers/bt_zmq_publisher.cpp.o[0m
[  3%] [32mBuilding CXX object gtest/CMakeFiles/gtest.dir/src/gtest-all.cc.o[0m
[  4%] [32mBuilding CXX object CMakeFiles/behaviortree_cpp_v3.dir/src/basic_types.cpp.o[0m
[  5%] [32mBuilding CXX object CMakeFiles/behaviortree_cpp_v3.dir/src/action_node.cpp.o[0m
[  6%] [32mBuilding CXX object CMakeFiles/behaviortree_cpp_v3.dir/src/shared_library.cpp.o[0m
[  7%] [32mBuilding CXX object CMakeFiles/behaviortree_cpp_v3.dir/src/control_node.cpp.o[0m
[  8%] [32mBuilding CXX object CMakeFiles/behaviortree_cpp_v3.dir/src/condition_node.cpp.o[0m
[  9%] [32mBuilding CXX object CMakeFiles/behaviortree_cpp_v3.dir/src/blackboard.cpp.o[0m
[ 10%] [32mBuilding CXX object CMakeFiles/behaviortree_cpp_v3.dir/src/bt_factory.cpp.o[0m
[ 11%] [32mBuilding CXX object CMakeFiles/behaviortree_cpp_v3.dir/src/behavior_tree.cpp.o[0m
[ 12%] [32mBuilding CXX object CMakeFiles/behaviortree_cpp_v3.dir/src/decorator_node.cpp.o[0m
[ 13%] [32mBuilding CXX object CMakeFiles/behaviortree_cpp_v3.dir/src/tree_node.cpp.o[0m
[ 14%] [32mBuilding CXX object CMakeFiles/behaviortree_cpp_v3.dir/src/xml_parsing.cpp.o[0m
[ 15%] [32mBuilding CXX object CMakeFiles/behaviortree_cpp_v3.dir/src/decorators/inverter_node.cpp.o[0m
[ 16%] [32mBuilding CXX object CMakeFiles/behaviortree_cpp_v3.dir/src/decorators/repeat_node.cpp.o[0m
[ 17%] [32m[1mLinking CXX static library libgtest_main.a[0m
[ 17%] Built target gtest_main
[ 18%] [32mBuilding CXX object CMakeFiles/behaviortree_cpp_v3.dir/src/decorators/retry_node.cpp.o[0m
[ 19%] [32mBuilding CXX object CMakeFiles/behaviortree_cpp_v3.dir/src/decorators/subtree_node.cpp.o[0m
[ 20%] [32mBuilding CXX object CMakeFiles/behaviortree_cpp_v3.dir/src/decorators/delay_node.cpp.o[0m
[ 21%] [32mBuilding CXX object CMakeFiles/behaviortree_cpp_v3.dir/src/controls/if_then_else_node.cpp.o[0m
[ 22%] [32mBuilding CXX object CMakeFiles/behaviortree_cpp_v3.dir/src/controls/fallback_node.cpp.o[0m
[ 23%] [32mBuilding CXX object CMakeFiles/behaviortree_cpp_v3.dir/src/controls/parallel_node.cpp.o[0m
[ 24%] [32mBuilding CXX object CMakeFiles/behaviortree_cpp_v3.dir/src/controls/reactive_sequence.cpp.o[0m
[ 25%] [32mBuilding CXX object CMakeFiles/behaviortree_cpp_v3.dir/src/controls/reactive_fallback.cpp.o[0m
[ 26%] [32mBuilding CXX object CMakeFiles/behaviortree_cpp_v3.dir/src/controls/sequence_node.cpp.o[0m
[ 27%] [32mBuilding CXX object CMakeFiles/behaviortree_cpp_v3.dir/src/controls/switch_node.cpp.o[0m
[ 28%] [32mBuilding CXX object CMakeFiles/behaviortree_cpp_v3.dir/src/controls/sequence_star_node.cpp.o[0m
[ 29%] [32mBuilding CXX object CMakeFiles/behaviortree_cpp_v3.dir/src/controls/while_do_else_node.cpp.o[0m
[ 30%] [32mBuilding CXX object CMakeFiles/behaviortree_cpp_v3.dir/src/loggers/bt_cout_logger.cpp.o[0m
[ 31%] [32mBuilding CXX object CMakeFiles/behaviortree_cpp_v3.dir/src/loggers/bt_file_logger.cpp.o[0m
[ 32%] [32mBuilding CXX object CMakeFiles/behaviortree_cpp_v3.dir/src/loggers/bt_minitrace_logger.cpp.o[0m
[ 33%] [32mBuilding CXX object CMakeFiles/behaviortree_cpp_v3.dir/3rdparty/tinyxml2/tinyxml2.cpp.o[0m
[ 34%] [32mBuilding CXX object CMakeFiles/behaviortree_cpp_v3.dir/3rdparty/minitrace/minitrace.cpp.o[0m
[ 35%] [32mBuilding CXX object CMakeFiles/behaviortree_cpp_v3.dir/src/controls/manual_node.cpp.o[0m
[ 36%] [32mBuilding CXX object CMakeFiles/behaviortree_cpp_v3.dir/src/shared_library_UNIX.cpp.o[0m
[ 37%] [32m[1mLinking CXX shared library libbehaviortree_cpp_v3.so[0m
[ 37%] Built target behaviortree_cpp_v3
[ 38%] [32m[1mLinking CXX static library libgtest.a[0m
[ 38%] Built target gtest
[ 39%] [32mBuilding CXX object examples/CMakeFiles/t01_first_tree_dynamic.dir/t01_build_your_first_tree.cpp.o[0m
[ 40%] [32m[1mLinking CXX executable t01_first_tree_dynamic[0m
[ 40%] Built target t01_first_tree_dynamic
[ 41%] [32mBuilding CXX object tools/CMakeFiles/bt3_plugin_manifest.dir/bt_plugin_manifest.cpp.o[0m
[ 42%] [32m[1mLinking CXX executable bt3_plugin_manifest[0m
[ 42%] Built target bt3_plugin_manifest
[ 43%] [32mBuilding CXX object tools/CMakeFiles/bt3_recorder.dir/bt_recorder.cpp.o[0m
[01m[K/home/edmund-munene/Documents/Programming-language-basics/Linux/Robotics/AConciseIntroductiontoRobotProgrammingwithROS2/bookros2_ws/src/ThirdParty/BehaviorTree.CPP/tools/bt_recorder.cpp:[m[K In function ‘[01m[Kint[01;32m[K main[m[K(int, char**)[m[K’:
[01m[K/home/edmund-munene/Documents/Programming-language-basics/Linux/Robotics/AConciseIntroductiontoRobotProgrammingwithROS2/bookros2_ws/src/ThirdParty/BehaviorTree.CPP/tools/bt_recorder.cpp:65:28:[m[K [01;35m[Kwarning: [m[Kignoring return value of ‘[01m[Kzmq::recv_result_t zmq::detail::socket_base::[01;32m[Krecv[m[K(zmq::message_t&, zmq::recv_flags)[m[K’, declared with attribute ‘[01m[Knodiscard[m[K’ [[01;35m[K]8;;https://gcc.gnu.org/onlinedocs/gcc/Warning-Options.html#index-Wunused-result-Wunused-result]8;;[m[K]
   65 |             [01;35m[Ksubscriber.recv(update, zmq::recv_flags::none)[m[K;
      |             [01;35m[K~~~~~~~~~~~~~~~^~~~~~~~~~~~~~~~~~~~~~~~~~~~~~~[m[K
In file included from [01m[K/home/edmund-munene/Documents/Programming-language-basics/Linux/Robotics/AConciseIntroductiontoRobotProgrammingwithROS2/bookros2_ws/src/ThirdParty/BehaviorTree.CPP/tools/bt_recorder.cpp:6[m[K:
[01m[K/home/edmund-munene/Documents/Programming-language-basics/Linux/Robotics/AConciseIntroductiontoRobotProgrammingwithROS2/bookros2_ws/src/ThirdParty/BehaviorTree.CPP/3rdparty/cppzmq/zmq.hpp:1957:19:[m[K [01;36m[Knote: [m[Kdeclared here
 1957 |     recv_result_t [01;36m[Krecv[m[K(message_t &msg, recv_flags flags = recv_flags::none)
      |                   [01;36m[K^~~~[m[K
[ 44%] [32m[1mLinking CXX executable bt3_recorder[0m
[ 44%] Built target bt3_recorder
[ 45%] [32mBuilding CXX object tools/CMakeFiles/bt3_log_cat.dir/bt_log_cat.cpp.o[0m
[ 46%] [32m[1mLinking CXX executable bt3_log_cat[0m
[ 46%] Built target bt3_log_cat
[ 47%] [32mBuilding CXX object sample_nodes/CMakeFiles/movebase_node_dyn.dir/movebase_node.cpp.o[0m
[ 48%] [32m[1mLinking CXX shared library bin/libmovebase_node_dyn.so[0m
[ 48%] Built target movebase_node_dyn
[ 50%] [32mBuilding CXX object sample_nodes/CMakeFiles/dummy_nodes_dyn.dir/dummy_nodes.cpp.o[0m
[ 51%] [32m[1mLinking CXX shared library bin/libdummy_nodes_dyn.so[0m
[ 51%] Built target dummy_nodes_dyn
[ 52%] [32mBuilding CXX object sample_nodes/CMakeFiles/crossdoor_nodes_dyn.dir/crossdoor_nodes.cpp.o[0m
[ 53%] [32m[1mLinking CXX shared library bin/libcrossdoor_nodes_dyn.so[0m
[ 53%] Built target crossdoor_nodes_dyn
[ 54%] [32mBuilding CXX object sample_nodes/CMakeFiles/bt_sample_nodes.dir/crossdoor_nodes.cpp.o[0m
[ 55%] [32mBuilding CXX object sample_nodes/CMakeFiles/bt_sample_nodes.dir/movebase_node.cpp.o[0m
[ 56%] [32mBuilding CXX object sample_nodes/CMakeFiles/bt_sample_nodes.dir/dummy_nodes.cpp.o[0m
[ 57%] [32m[1mLinking CXX static library lib/libbt_sample_nodes.a[0m
[ 57%] Built target bt_sample_nodes
[ 58%] [32mBuilding CXX object tests/CMakeFiles/behaviortree_cpp_v3_test.dir/src/action_test_node.cpp.o[0m
[ 59%] [32mBuilding CXX object tests/CMakeFiles/behaviortree_cpp_v3_test.dir/src/condition_test_node.cpp.o[0m
[ 60%] [32mBuilding CXX object tests/CMakeFiles/behaviortree_cpp_v3_test.dir/gtest_tree.cpp.o[0m
[ 61%] [32mBuilding CXX object tests/CMakeFiles/behaviortree_cpp_v3_test.dir/gtest_sequence.cpp.o[0m
[ 62%] [32mBuilding CXX object tests/CMakeFiles/behaviortree_cpp_v3_test.dir/gtest_parallel.cpp.o[0m
[ 63%] [32mBuilding CXX object tests/CMakeFiles/behaviortree_cpp_v3_test.dir/gtest_fallback.cpp.o[0m
[ 64%] [32mBuilding CXX object tests/CMakeFiles/behaviortree_cpp_v3_test.dir/gtest_factory.cpp.o[0m
[ 65%] [32mBuilding CXX object tests/CMakeFiles/behaviortree_cpp_v3_test.dir/gtest_decorator.cpp.o[0m
[ 66%] [32mBuilding CXX object tests/CMakeFiles/behaviortree_cpp_v3_test.dir/gtest_blackboard.cpp.o[0m
[ 67%] [32mBuilding CXX object tests/CMakeFiles/behaviortree_cpp_v3_test.dir/gtest_blackboard_precondition.cpp.o[0m
[ 68%] [32mBuilding CXX object tests/CMakeFiles/behaviortree_cpp_v3_test.dir/gtest_ports.cpp.o[0m
[ 69%] [32mBuilding CXX object tests/CMakeFiles/behaviortree_cpp_v3_test.dir/gtest_reactive.cpp.o[0m
[ 70%] [32mBuilding CXX object tests/CMakeFiles/behaviortree_cpp_v3_test.dir/navigation_test.cpp.o[0m
[ 71%] [32mBuilding CXX object tests/CMakeFiles/behaviortree_cpp_v3_test.dir/gtest_subtree.cpp.o[0m
[ 72%] [32mBuilding CXX object tests/CMakeFiles/behaviortree_cpp_v3_test.dir/gtest_switch.cpp.o[0m
[ 73%] [32mBuilding CXX object examples/CMakeFiles/ex03_ncurses_manual_selector.dir/ex03_ncurses_manual_selector.cpp.o[0m
[ 74%] [32mBuilding CXX object examples/CMakeFiles/ex02_runtime_ports.dir/ex02_runtime_ports.cpp.o[0m
[ 75%] [32m[1mLinking CXX executable ex03_ncurses_manual_selector[0m
[ 76%] [32mBuilding CXX object tests/CMakeFiles/behaviortree_cpp_v3_test.dir/gtest_wakeup.cpp.o[0m
[ 77%] [32mBuilding CXX object examples/CMakeFiles/ex01_wrap_legacy.dir/ex01_wrap_legacy.cpp.o[0m
[ 77%] Built target ex03_ncurses_manual_selector
[ 78%] [32mBuilding CXX object examples/CMakeFiles/t08_additional_node_args.dir/t08_additional_node_args.cpp.o[0m
[ 79%] [32mBuilding CXX object examples/CMakeFiles/t07_load_multiple_xml.dir/t07_load_multiple_xml.cpp.o[0m
[ 80%] [32m[1mLinking CXX executable ex02_runtime_ports[0m
[ 80%] Built target ex02_runtime_ports
[ 81%] [32mBuilding CXX object tests/CMakeFiles/behaviortree_cpp_v3_test.dir/gtest_logger_zmq.cpp.o[0m
[ 82%] [32mBuilding CXX object examples/CMakeFiles/ex04_waypoints.dir/ex04_waypoints.cpp.o[0m
[ 83%] [32m[1mLinking CXX executable t08_additional_node_args[0m
[ 83%] Built target t08_additional_node_args
[ 84%] [32m[1mLinking CXX executable ex01_wrap_legacy[0m
[ 85%] [32m[1mLinking CXX executable t07_load_multiple_xml[0m
[ 85%] Built target ex01_wrap_legacy
[ 85%] Built target t07_load_multiple_xml
[ 86%] [32m[1mLinking CXX executable behaviortree_cpp_v3_test[0m
[ 87%] [32m[1mLinking CXX executable ex04_waypoints[0m
[ 87%] Built target ex04_waypoints
[ 87%] Built target behaviortree_cpp_v3_test
[ 88%] [32mBuilding CXX object examples/CMakeFiles/t06_subtree_port_remapping.dir/t06_subtree_port_remapping.cpp.o[0m
[ 89%] [32m[1mLinking CXX executable t06_subtree_port_remapping[0m
[ 89%] Built target t06_subtree_port_remapping
[ 90%] [32mBuilding CXX object examples/CMakeFiles/t05_crossdoor.dir/t05_crossdoor.cpp.o[0m
[ 91%] [32m[1mLinking CXX executable t05_crossdoor[0m
[ 91%] Built target t05_crossdoor
[ 92%] [32mBuilding CXX object examples/CMakeFiles/t02_basic_ports.dir/t02_basic_ports.cpp.o[0m
[ 93%] [32mBuilding CXX object examples/CMakeFiles/t04_reactive_sequence.dir/t04_reactive_sequence.cpp.o[0m
[ 94%] [32mBuilding CXX object examples/CMakeFiles/t03_generic_ports.dir/t03_generic_ports.cpp.o[0m
[ 95%] [32m[1mLinking CXX executable t04_reactive_sequence[0m
[ 95%] Built target t04_reactive_sequence
[ 96%] [32mBuilding CXX object examples/CMakeFiles/t01_first_tree_static.dir/t01_build_your_first_tree.cpp.o[0m
[ 97%] [32m[1mLinking CXX executable t02_basic_ports[0m
[ 98%] [32m[1mLinking CXX executable t03_generic_ports[0m
[ 98%] Built target t02_basic_ports
[ 98%] Built target t03_generic_ports
[100%] [32m[1mLinking CXX executable t01_first_tree_static[0m
[100%] Built target t01_first_tree_static
-- Install configuration: ""
-- Execute custom install script
-- Symlinking: /home/edmund-munene/Documents/Programming-language-basics/Linux/Robotics/AConciseIntroductiontoRobotProgrammingwithROS2/bookros2_ws/install/behaviortree_cpp_v3/share/behaviortree_cpp_v3/environment/library_path.sh
-- Symlinking: /home/edmund-munene/Documents/Programming-language-basics/Linux/Robotics/AConciseIntroductiontoRobotProgrammingwithROS2/bookros2_ws/install/behaviortree_cpp_v3/share/behaviortree_cpp_v3/environment/library_path.dsv
-- Symlinking: /home/edmund-munene/Documents/Programming-language-basics/Linux/Robotics/AConciseIntroductiontoRobotProgrammingwithROS2/bookros2_ws/install/behaviortree_cpp_v3/share/ament_index/resource_index/package_run_dependencies/behaviortree_cpp_v3
-- Symlinking: /home/edmund-munene/Documents/Programming-language-basics/Linux/Robotics/AConciseIntroductiontoRobotProgrammingwithROS2/bookros2_ws/install/behaviortree_cpp_v3/share/ament_index/resource_index/parent_prefix_path/behaviortree_cpp_v3
-- Symlinking: /home/edmund-munene/Documents/Programming-language-basics/Linux/Robotics/AConciseIntroductiontoRobotProgrammingwithROS2/bookros2_ws/install/behaviortree_cpp_v3/share/behaviortree_cpp_v3/environment/ament_prefix_path.sh
-- Symlinking: /home/edmund-munene/Documents/Programming-language-basics/Linux/Robotics/AConciseIntroductiontoRobotProgrammingwithROS2/bookros2_ws/install/behaviortree_cpp_v3/share/behaviortree_cpp_v3/environment/ament_prefix_path.dsv
-- Symlinking: /home/edmund-munene/Documents/Programming-language-basics/Linux/Robotics/AConciseIntroductiontoRobotProgrammingwithROS2/bookros2_ws/install/behaviortree_cpp_v3/share/behaviortree_cpp_v3/environment/path.sh
-- Symlinking: /home/edmund-munene/Documents/Programming-language-basics/Linux/Robotics/AConciseIntroductiontoRobotProgrammingwithROS2/bookros2_ws/install/behaviortree_cpp_v3/share/behaviortree_cpp_v3/environment/path.dsv
-- Symlinking: /home/edmund-munene/Documents/Programming-language-basics/Linux/Robotics/AConciseIntroductiontoRobotProgrammingwithROS2/bookros2_ws/install/behaviortree_cpp_v3/share/behaviortree_cpp_v3/local_setup.bash
-- Symlinking: /home/edmund-munene/Documents/Programming-language-basics/Linux/Robotics/AConciseIntroductiontoRobotProgrammingwithROS2/bookros2_ws/install/behaviortree_cpp_v3/share/behaviortree_cpp_v3/local_setup.sh
-- Symlinking: /home/edmund-munene/Documents/Programming-language-basics/Linux/Robotics/AConciseIntroductiontoRobotProgrammingwithROS2/bookros2_ws/install/behaviortree_cpp_v3/share/behaviortree_cpp_v3/local_setup.zsh
-- Symlinking: /home/edmund-munene/Documents/Programming-language-basics/Linux/Robotics/AConciseIntroductiontoRobotProgrammingwithROS2/bookros2_ws/install/behaviortree_cpp_v3/share/behaviortree_cpp_v3/local_setup.dsv
-- Symlinking: /home/edmund-munene/Documents/Programming-language-basics/Linux/Robotics/AConciseIntroductiontoRobotProgrammingwithROS2/bookros2_ws/install/behaviortree_cpp_v3/share/behaviortree_cpp_v3/package.dsv
-- Symlinking: /home/edmund-munene/Documents/Programming-language-basics/Linux/Robotics/AConciseIntroductiontoRobotProgrammingwithROS2/bookros2_ws/install/behaviortree_cpp_v3/share/ament_index/resource_index/packages/behaviortree_cpp_v3
-- Symlinking: /home/edmund-munene/Documents/Programming-language-basics/Linux/Robotics/AConciseIntroductiontoRobotProgrammingwithROS2/bookros2_ws/install/behaviortree_cpp_v3/share/behaviortree_cpp_v3/cmake/ament_cmake_export_dependencies-extras.cmake
-- Symlinking: /home/edmund-munene/Documents/Programming-language-basics/Linux/Robotics/AConciseIntroductiontoRobotProgrammingwithROS2/bookros2_ws/install/behaviortree_cpp_v3/share/behaviortree_cpp_v3/cmake/ament_cmake_export_include_directories-extras.cmake
-- Symlinking: /home/edmund-munene/Documents/Programming-language-basics/Linux/Robotics/AConciseIntroductiontoRobotProgrammingwithROS2/bookros2_ws/install/behaviortree_cpp_v3/share/behaviortree_cpp_v3/cmake/ament_cmake_export_libraries-extras.cmake
-- Symlinking: /home/edmund-munene/Documents/Programming-language-basics/Linux/Robotics/AConciseIntroductiontoRobotProgrammingwithROS2/bookros2_ws/install/behaviortree_cpp_v3/share/behaviortree_cpp_v3/cmake/ament_cmake_export_targets-extras.cmake
-- Symlinking: /home/edmund-munene/Documents/Programming-language-basics/Linux/Robotics/AConciseIntroductiontoRobotProgrammingwithROS2/bookros2_ws/install/behaviortree_cpp_v3/share/behaviortree_cpp_v3/cmake/behaviortree_cpp_v3Config.cmake
-- Symlinking: /home/edmund-munene/Documents/Programming-language-basics/Linux/Robotics/AConciseIntroductiontoRobotProgrammingwithROS2/bookros2_ws/install/behaviortree_cpp_v3/share/behaviortree_cpp_v3/cmake/behaviortree_cpp_v3Config-version.cmake
-- Symlinking: /home/edmund-munene/Documents/Programming-language-basics/Linux/Robotics/AConciseIntroductiontoRobotProgrammingwithROS2/bookros2_ws/install/behaviortree_cpp_v3/share/behaviortree_cpp_v3/package.xml
-- Symlinking: /home/edmund-munene/Documents/Programming-language-basics/Linux/Robotics/AConciseIntroductiontoRobotProgrammingwithROS2/bookros2_ws/install/behaviortree_cpp_v3/lib/cmake/behaviortree_cpp_v3/behaviortree_cpp_v3Config.cmake
-- Symlinking: /home/edmund-munene/Documents/Programming-language-basics/Linux/Robotics/AConciseIntroductiontoRobotProgrammingwithROS2/bookros2_ws/install/behaviortree_cpp_v3/bin/bt3_log_cat
-- Symlinking: /home/edmund-munene/Documents/Programming-language-basics/Linux/Robotics/AConciseIntroductiontoRobotProgrammingwithROS2/bookros2_ws/install/behaviortree_cpp_v3/bin/bt3_recorder
-- Symlinking: /home/edmund-munene/Documents/Programming-language-basics/Linux/Robotics/AConciseIntroductiontoRobotProgrammingwithROS2/bookros2_ws/install/behaviortree_cpp_v3/bin/bt3_plugin_manifest
-- Installing: /home/edmund-munene/Documents/Programming-language-basics/Linux/Robotics/AConciseIntroductiontoRobotProgrammingwithROS2/bookros2_ws/install/behaviortree_cpp_v3/share/behaviortree_cpp_v3/cmake/behaviortree_cpp_v3TargetsExport.cmake
-- Installing: /home/edmund-munene/Documents/Programming-language-basics/Linux/Robotics/AConciseIntroductiontoRobotProgrammingwithROS2/bookros2_ws/install/behaviortree_cpp_v3/share/behaviortree_cpp_v3/cmake/behaviortree_cpp_v3TargetsExport-noconfig.cmake
-- Installing: /home/edmund-munene/Documents/Programming-language-basics/Linux/Robotics/AConciseIntroductiontoRobotProgrammingwithROS2/bookros2_ws/install/behaviortree_cpp_v3/include
-- Installing: /home/edmund-munene/Documents/Programming-language-basics/Linux/Robotics/AConciseIntroductiontoRobotProgrammingwithROS2/bookros2_ws/install/behaviortree_cpp_v3/include/behaviortree_cpp_v3
-- Installing: /home/edmund-munene/Documents/Programming-language-basics/Linux/Robotics/AConciseIntroductiontoRobotProgrammingwithROS2/bookros2_ws/install/behaviortree_cpp_v3/include/behaviortree_cpp_v3/leaf_node.h
-- Installing: /home/edmund-munene/Documents/Programming-language-basics/Linux/Robotics/AConciseIntroductiontoRobotProgrammingwithROS2/bookros2_ws/install/behaviortree_cpp_v3/include/behaviortree_cpp_v3/exceptions.h
-- Installing: /home/edmund-munene/Documents/Programming-language-basics/Linux/Robotics/AConciseIntroductiontoRobotProgrammingwithROS2/bookros2_ws/install/behaviortree_cpp_v3/include/behaviortree_cpp_v3/action_node.h
-- Installing: /home/edmund-munene/Documents/Programming-language-basics/Linux/Robotics/AConciseIntroductiontoRobotProgrammingwithROS2/bookros2_ws/install/behaviortree_cpp_v3/include/behaviortree_cpp_v3/utils
-- Installing: /home/edmund-munene/Documents/Programming-language-basics/Linux/Robotics/AConciseIntroductiontoRobotProgrammingwithROS2/bookros2_ws/install/behaviortree_cpp_v3/include/behaviortree_cpp_v3/utils/signal.h
-- Installing: /home/edmund-munene/Documents/Programming-language-basics/Linux/Robotics/AConciseIntroductiontoRobotProgrammingwithROS2/bookros2_ws/install/behaviortree_cpp_v3/include/behaviortree_cpp_v3/utils/make_unique.hpp
-- Installing: /home/edmund-munene/Documents/Programming-language-basics/Linux/Robotics/AConciseIntroductiontoRobotProgrammingwithROS2/bookros2_ws/install/behaviortree_cpp_v3/include/behaviortree_cpp_v3/utils/wakeup_signal.hpp
-- Installing: /home/edmund-munene/Documents/Programming-language-basics/Linux/Robotics/AConciseIntroductiontoRobotProgrammingwithROS2/bookros2_ws/install/behaviortree_cpp_v3/include/behaviortree_cpp_v3/utils/simple_string.hpp
-- Installing: /home/edmund-munene/Documents/Programming-language-basics/Linux/Robotics/AConciseIntroductiontoRobotProgrammingwithROS2/bookros2_ws/install/behaviortree_cpp_v3/include/behaviortree_cpp_v3/utils/strcat.hpp
-- Installing: /home/edmund-munene/Documents/Programming-language-basics/Linux/Robotics/AConciseIntroductiontoRobotProgrammingwithROS2/bookros2_ws/install/behaviortree_cpp_v3/include/behaviortree_cpp_v3/utils/any.hpp
-- Installing: /home/edmund-munene/Documents/Programming-language-basics/Linux/Robotics/AConciseIntroductiontoRobotProgrammingwithROS2/bookros2_ws/install/behaviortree_cpp_v3/include/behaviortree_cpp_v3/utils/convert_impl.hpp
-- Installing: /home/edmund-munene/Documents/Programming-language-basics/Linux/Robotics/AConciseIntroductiontoRobotProgrammingwithROS2/bookros2_ws/install/behaviortree_cpp_v3/include/behaviortree_cpp_v3/utils/string_view.hpp
-- Installing: /home/edmund-munene/Documents/Programming-language-basics/Linux/Robotics/AConciseIntroductiontoRobotProgrammingwithROS2/bookros2_ws/install/behaviortree_cpp_v3/include/behaviortree_cpp_v3/utils/demangle_util.h
-- Installing: /home/edmund-munene/Documents/Programming-language-basics/Linux/Robotics/AConciseIntroductiontoRobotProgrammingwithROS2/bookros2_ws/install/behaviortree_cpp_v3/include/behaviortree_cpp_v3/utils/expected.hpp
-- Installing: /home/edmund-munene/Documents/Programming-language-basics/Linux/Robotics/AConciseIntroductiontoRobotProgrammingwithROS2/bookros2_ws/install/behaviortree_cpp_v3/include/behaviortree_cpp_v3/utils/safe_any.hpp
-- Installing: /home/edmund-munene/Documents/Programming-language-basics/Linux/Robotics/AConciseIntroductiontoRobotProgrammingwithROS2/bookros2_ws/install/behaviortree_cpp_v3/include/behaviortree_cpp_v3/utils/platform.hpp
-- Installing: /home/edmund-munene/Documents/Programming-language-basics/Linux/Robotics/AConciseIntroductiontoRobotProgrammingwithROS2/bookros2_ws/install/behaviortree_cpp_v3/include/behaviortree_cpp_v3/utils/shared_library.h
-- Installing: /home/edmund-munene/Documents/Programming-language-basics/Linux/Robotics/AConciseIntroductiontoRobotProgrammingwithROS2/bookros2_ws/install/behaviortree_cpp_v3/include/behaviortree_cpp_v3/loggers
-- Installing: /home/edmund-munene/Documents/Programming-language-basics/Linux/Robotics/AConciseIntroductiontoRobotProgrammingwithROS2/bookros2_ws/install/behaviortree_cpp_v3/include/behaviortree_cpp_v3/loggers/bt_file_logger.h
-- Installing: /home/edmund-munene/Documents/Programming-language-basics/Linux/Robotics/AConciseIntroductiontoRobotProgrammingwithROS2/bookros2_ws/install/behaviortree_cpp_v3/include/behaviortree_cpp_v3/loggers/bt_cout_logger.h
-- Installing: /home/edmund-munene/Documents/Programming-language-basics/Linux/Robotics/AConciseIntroductiontoRobotProgrammingwithROS2/bookros2_ws/install/behaviortree_cpp_v3/include/behaviortree_cpp_v3/loggers/abstract_logger.h
-- Installing: /home/edmund-munene/Documents/Programming-language-basics/Linux/Robotics/AConciseIntroductiontoRobotProgrammingwithROS2/bookros2_ws/install/behaviortree_cpp_v3/include/behaviortree_cpp_v3/loggers/bt_zmq_publisher.h
-- Installing: /home/edmund-munene/Documents/Programming-language-basics/Linux/Robotics/AConciseIntroductiontoRobotProgrammingwithROS2/bookros2_ws/install/behaviortree_cpp_v3/include/behaviortree_cpp_v3/loggers/bt_minitrace_logger.h
-- Installing: /home/edmund-munene/Documents/Programming-language-basics/Linux/Robotics/AConciseIntroductiontoRobotProgrammingwithROS2/bookros2_ws/install/behaviortree_cpp_v3/include/behaviortree_cpp_v3/control_node.h
-- Installing: /home/edmund-munene/Documents/Programming-language-basics/Linux/Robotics/AConciseIntroductiontoRobotProgrammingwithROS2/bookros2_ws/install/behaviortree_cpp_v3/include/behaviortree_cpp_v3/condition_node.h
-- Installing: /home/edmund-munene/Documents/Programming-language-basics/Linux/Robotics/AConciseIntroductiontoRobotProgrammingwithROS2/bookros2_ws/install/behaviortree_cpp_v3/include/behaviortree_cpp_v3/tree_node.h
-- Installing: /home/edmund-munene/Documents/Programming-language-basics/Linux/Robotics/AConciseIntroductiontoRobotProgrammingwithROS2/bookros2_ws/install/behaviortree_cpp_v3/include/behaviortree_cpp_v3/behavior_tree.h
-- Installing: /home/edmund-munene/Documents/Programming-language-basics/Linux/Robotics/AConciseIntroductiontoRobotProgrammingwithROS2/bookros2_ws/install/behaviortree_cpp_v3/include/behaviortree_cpp_v3/blackboard.h
-- Installing: /home/edmund-munene/Documents/Programming-language-basics/Linux/Robotics/AConciseIntroductiontoRobotProgrammingwithROS2/bookros2_ws/install/behaviortree_cpp_v3/include/behaviortree_cpp_v3/basic_types.h
-- Installing: /home/edmund-munene/Documents/Programming-language-basics/Linux/Robotics/AConciseIntroductiontoRobotProgrammingwithROS2/bookros2_ws/install/behaviortree_cpp_v3/include/behaviortree_cpp_v3/xml_parsing.h
-- Installing: /home/edmund-munene/Documents/Programming-language-basics/Linux/Robotics/AConciseIntroductiontoRobotProgrammingwithROS2/bookros2_ws/install/behaviortree_cpp_v3/include/behaviortree_cpp_v3/bt_parser.h
-- Installing: /home/edmund-munene/Documents/Programming-language-basics/Linux/Robotics/AConciseIntroductiontoRobotProgrammingwithROS2/bookros2_ws/install/behaviortree_cpp_v3/include/behaviortree_cpp_v3/actions
-- Installing: /home/edmund-munene/Documents/Programming-language-basics/Linux/Robotics/AConciseIntroductiontoRobotProgrammingwithROS2/bookros2_ws/install/behaviortree_cpp_v3/include/behaviortree_cpp_v3/actions/pop_from_queue.hpp
-- Installing: /home/edmund-munene/Documents/Programming-language-basics/Linux/Robotics/AConciseIntroductiontoRobotProgrammingwithROS2/bookros2_ws/install/behaviortree_cpp_v3/include/behaviortree_cpp_v3/actions/always_success_node.h
-- Installing: /home/edmund-munene/Documents/Programming-language-basics/Linux/Robotics/AConciseIntroductiontoRobotProgrammingwithROS2/bookros2_ws/install/behaviortree_cpp_v3/include/behaviortree_cpp_v3/actions/always_failure_node.h
-- Installing: /home/edmund-munene/Documents/Programming-language-basics/Linux/Robotics/AConciseIntroductiontoRobotProgrammingwithROS2/bookros2_ws/install/behaviortree_cpp_v3/include/behaviortree_cpp_v3/actions/set_blackboard_node.h
-- Installing: /home/edmund-munene/Documents/Programming-language-basics/Linux/Robotics/AConciseIntroductiontoRobotProgrammingwithROS2/bookros2_ws/install/behaviortree_cpp_v3/include/behaviortree_cpp_v3/decorator_node.h
-- Installing: /home/edmund-munene/Documents/Programming-language-basics/Linux/Robotics/AConciseIntroductiontoRobotProgrammingwithROS2/bookros2_ws/install/behaviortree_cpp_v3/include/behaviortree_cpp_v3/flatbuffers
-- Installing: /home/edmund-munene/Documents/Programming-language-basics/Linux/Robotics/AConciseIntroductiontoRobotProgrammingwithROS2/bookros2_ws/install/behaviortree_cpp_v3/include/behaviortree_cpp_v3/flatbuffers/BT_logger_generated.h
-- Installing: /home/edmund-munene/Documents/Programming-language-basics/Linux/Robotics/AConciseIntroductiontoRobotProgrammingwithROS2/bookros2_ws/install/behaviortree_cpp_v3/include/behaviortree_cpp_v3/flatbuffers/flatbuffers.h
-- Installing: /home/edmund-munene/Documents/Programming-language-basics/Linux/Robotics/AConciseIntroductiontoRobotProgrammingwithROS2/bookros2_ws/install/behaviortree_cpp_v3/include/behaviortree_cpp_v3/flatbuffers/bt_flatbuffer_helper.h
-- Installing: /home/edmund-munene/Documents/Programming-language-basics/Linux/Robotics/AConciseIntroductiontoRobotProgrammingwithROS2/bookros2_ws/install/behaviortree_cpp_v3/include/behaviortree_cpp_v3/flatbuffers/base.h
-- Installing: /home/edmund-munene/Documents/Programming-language-basics/Linux/Robotics/AConciseIntroductiontoRobotProgrammingwithROS2/bookros2_ws/install/behaviortree_cpp_v3/include/behaviortree_cpp_v3/flatbuffers/stl_emulation.h
-- Installing: /home/edmund-munene/Documents/Programming-language-basics/Linux/Robotics/AConciseIntroductiontoRobotProgrammingwithROS2/bookros2_ws/install/behaviortree_cpp_v3/include/behaviortree_cpp_v3/controls
-- Installing: /home/edmund-munene/Documents/Programming-language-basics/Linux/Robotics/AConciseIntroductiontoRobotProgrammingwithROS2/bookros2_ws/install/behaviortree_cpp_v3/include/behaviortree_cpp_v3/controls/reactive_fallback.h
-- Installing: /home/edmund-munene/Documents/Programming-language-basics/Linux/Robotics/AConciseIntroductiontoRobotProgrammingwithROS2/bookros2_ws/install/behaviortree_cpp_v3/include/behaviortree_cpp_v3/controls/if_then_else_node.h
-- Installing: /home/edmund-munene/Documents/Programming-language-basics/Linux/Robotics/AConciseIntroductiontoRobotProgrammingwithROS2/bookros2_ws/install/behaviortree_cpp_v3/include/behaviortree_cpp_v3/controls/manual_node.h
-- Installing: /home/edmund-munene/Documents/Programming-language-basics/Linux/Robotics/AConciseIntroductiontoRobotProgrammingwithROS2/bookros2_ws/install/behaviortree_cpp_v3/include/behaviortree_cpp_v3/controls/fallback_node.h
-- Installing: /home/edmund-munene/Documents/Programming-language-basics/Linux/Robotics/AConciseIntroductiontoRobotProgrammingwithROS2/bookros2_ws/install/behaviortree_cpp_v3/include/behaviortree_cpp_v3/controls/sequence_node.h
-- Installing: /home/edmund-munene/Documents/Programming-language-basics/Linux/Robotics/AConciseIntroductiontoRobotProgrammingwithROS2/bookros2_ws/install/behaviortree_cpp_v3/include/behaviortree_cpp_v3/controls/switch_node.h
-- Installing: /home/edmund-munene/Documents/Programming-language-basics/Linux/Robotics/AConciseIntroductiontoRobotProgrammingwithROS2/bookros2_ws/install/behaviortree_cpp_v3/include/behaviortree_cpp_v3/controls/sequence_star_node.h
-- Installing: /home/edmund-munene/Documents/Programming-language-basics/Linux/Robotics/AConciseIntroductiontoRobotProgrammingwithROS2/bookros2_ws/install/behaviortree_cpp_v3/include/behaviortree_cpp_v3/controls/while_do_else_node.h
-- Installing: /home/edmund-munene/Documents/Programming-language-basics/Linux/Robotics/AConciseIntroductiontoRobotProgrammingwithROS2/bookros2_ws/install/behaviortree_cpp_v3/include/behaviortree_cpp_v3/controls/parallel_node.h
-- Installing: /home/edmund-munene/Documents/Programming-language-basics/Linux/Robotics/AConciseIntroductiontoRobotProgrammingwithROS2/bookros2_ws/install/behaviortree_cpp_v3/include/behaviortree_cpp_v3/controls/reactive_sequence.h
-- Installing: /home/edmund-munene/Documents/Programming-language-basics/Linux/Robotics/AConciseIntroductiontoRobotProgrammingwithROS2/bookros2_ws/install/behaviortree_cpp_v3/include/behaviortree_cpp_v3/bt_factory.h
-- Installing: /home/edmund-munene/Documents/Programming-language-basics/Linux/Robotics/AConciseIntroductiontoRobotProgrammingwithROS2/bookros2_ws/install/behaviortree_cpp_v3/include/behaviortree_cpp_v3/decorators
-- Installing: /home/edmund-munene/Documents/Programming-language-basics/Linux/Robotics/AConciseIntroductiontoRobotProgrammingwithROS2/bookros2_ws/install/behaviortree_cpp_v3/include/behaviortree_cpp_v3/decorators/consume_queue.h
-- Installing: /home/edmund-munene/Documents/Programming-language-basics/Linux/Robotics/AConciseIntroductiontoRobotProgrammingwithROS2/bookros2_ws/install/behaviortree_cpp_v3/include/behaviortree_cpp_v3/decorators/blackboard_precondition.h
-- Installing: /home/edmund-munene/Documents/Programming-language-basics/Linux/Robotics/AConciseIntroductiontoRobotProgrammingwithROS2/bookros2_ws/install/behaviortree_cpp_v3/include/behaviortree_cpp_v3/decorators/retry_node.h
-- Installing: /home/edmund-munene/Documents/Programming-language-basics/Linux/Robotics/AConciseIntroductiontoRobotProgrammingwithROS2/bookros2_ws/install/behaviortree_cpp_v3/include/behaviortree_cpp_v3/decorators/force_failure_node.h
-- Installing: /home/edmund-munene/Documents/Programming-language-basics/Linux/Robotics/AConciseIntroductiontoRobotProgrammingwithROS2/bookros2_ws/install/behaviortree_cpp_v3/include/behaviortree_cpp_v3/decorators/timeout_node.h
-- Installing: /home/edmund-munene/Documents/Programming-language-basics/Linux/Robotics/AConciseIntroductiontoRobotProgrammingwithROS2/bookros2_ws/install/behaviortree_cpp_v3/include/behaviortree_cpp_v3/decorators/force_success_node.h
-- Installing: /home/edmund-munene/Documents/Programming-language-basics/Linux/Robotics/AConciseIntroductiontoRobotProgrammingwithROS2/bookros2_ws/install/behaviortree_cpp_v3/include/behaviortree_cpp_v3/decorators/inverter_node.h
-- Installing: /home/edmund-munene/Documents/Programming-language-basics/Linux/Robotics/AConciseIntroductiontoRobotProgrammingwithROS2/bookros2_ws/install/behaviortree_cpp_v3/include/behaviortree_cpp_v3/decorators/repeat_node.h
-- Installing: /home/edmund-munene/Documents/Programming-language-basics/Linux/Robotics/AConciseIntroductiontoRobotProgrammingwithROS2/bookros2_ws/install/behaviortree_cpp_v3/include/behaviortree_cpp_v3/decorators/delay_node.h
-- Installing: /home/edmund-munene/Documents/Programming-language-basics/Linux/Robotics/AConciseIntroductiontoRobotProgrammingwithROS2/bookros2_ws/install/behaviortree_cpp_v3/include/behaviortree_cpp_v3/decorators/subtree_node.h
-- Installing: /home/edmund-munene/Documents/Programming-language-basics/Linux/Robotics/AConciseIntroductiontoRobotProgrammingwithROS2/bookros2_ws/install/behaviortree_cpp_v3/include/behaviortree_cpp_v3/decorators/timer_queue.h
-- Installing: /home/edmund-munene/Documents/Programming-language-basics/Linux/Robotics/AConciseIntroductiontoRobotProgrammingwithROS2/bookros2_ws/install/behaviortree_cpp_v3/include/behaviortree_cpp_v3/decorators/keep_running_until_failure_node.h
-- Installing: /home/edmund-munene/Documents/Programming-language-basics/Linux/Robotics/AConciseIntroductiontoRobotProgrammingwithROS2/bookros2_ws/install/behaviortree_cpp_v3/lib/libbehaviortree_cpp_v3.so
-- Set non-toolchain portion of runtime path of "/home/edmund-munene/Documents/Programming-language-basics/Linux/Robotics/AConciseIntroductiontoRobotProgrammingwithROS2/bookros2_ws/install/behaviortree_cpp_v3/lib/libbehaviortree_cpp_v3.so" to ""
-- Installing: /home/edmund-munene/Documents/Programming-language-basics/Linux/Robotics/AConciseIntroductiontoRobotProgrammingwithROS2/bookros2_ws/install/behaviortree_cpp_v3/lib/cmake/behaviortree_cpp_v3/behaviortree_cpp_v3Targets.cmake
-- Installing: /home/edmund-munene/Documents/Programming-language-basics/Linux/Robotics/AConciseIntroductiontoRobotProgrammingwithROS2/bookros2_ws/install/behaviortree_cpp_v3/lib/cmake/behaviortree_cpp_v3/behaviortree_cpp_v3Targets-noconfig.cmake
