[0.027s] Invoking command in '/home/edmund-munene/Documents/Programming-language-basics/Linux/Robotics/AConciseIntroductiontoRobotProgrammingwithROS2/bookros2_ws/build/pmb2_description': AMENT_PREFIX_PATH=/home/edmund-munene/Documents/Programming-language-basics/Linux/Robotics/AConciseIntroductiontoRobotProgrammingwithROS2/bookros2_ws/install/pal_urdf_utils:/home/edmund-munene/Documents/Programming-language-basics/Linux/Robotics/AConciseIntroductiontoRobotProgrammingwithROS2/bookros2_ws/install/launch_pal:${AMENT_PREFIX_PATH} CMAKE_PREFIX_PATH=/home/edmund-munene/Documents/Programming-language-basics/Linux/Robotics/AConciseIntroductiontoRobotProgrammingwithROS2/bookros2_ws/install/pal_urdf_utils:/opt/ros/jazzy/opt/gz_sim_vendor:/opt/ros/jazzy/opt/gz_sensors_vendor:/opt/ros/jazzy/opt/gz_physics_vendor:/opt/ros/jazzy/opt/sdformat_vendor:/opt/ros/jazzy/opt/gz_gui_vendor:/opt/ros/jazzy/opt/gz_transport_vendor:/opt/ros/jazzy/opt/gz_rendering_vendor:/opt/ros/jazzy/opt/gz_plugin_vendor:/opt/ros/jazzy/opt/gz_fuel_tools_vendor:/opt/ros/jazzy/opt/gz_msgs_vendor:/opt/ros/jazzy/opt/gz_common_vendor:/opt/ros/jazzy/opt/gz_math_vendor:/opt/ros/jazzy/opt/gz_utils_vendor:/opt/ros/jazzy/opt/gz_tools_vendor:/opt/ros/jazzy/opt/gz_ogre_next_vendor:/opt/ros/jazzy/opt/gz_dartsim_vendor:/opt/ros/jazzy/opt/gz_cmake_vendor:/opt/ros/jazzy DEBUGINFOD_URLS=https://debuginfod.ubuntu.com PYTHONPATH=/home/edmund-munene/Documents/Programming-language-basics/Linux/Robotics/AConciseIntroductiontoRobotProgrammingwithROS2/bookros2_ws/build/launch_pal:/home/edmund-munene/Documents/Programming-language-basics/Linux/Robotics/AConciseIntroductiontoRobotProgrammingwithROS2/bookros2_ws/install/launch_pal/lib/python3.12/site-packages:${PYTHONPATH} /usr/bin/cmake --build /home/edmund-munene/Documents/Programming-language-basics/Linux/Robotics/AConciseIntroductiontoRobotProgrammingwithROS2/bookros2_ws/build/pmb2_description -- -j12 -l12
[0.112s] Built target ament_cmake_python_symlink_pmb2_description
[0.471s] running egg_info
[0.501s] writing pmb2_description.egg-info/PKG-INFO
[0.501s] writing dependency_links to pmb2_description.egg-info/dependency_links.txt
[0.501s] writing top-level names to pmb2_description.egg-info/top_level.txt
[0.579s] reading manifest file 'pmb2_description.egg-info/SOURCES.txt'
[0.579s] writing manifest file 'pmb2_description.egg-info/SOURCES.txt'
[0.616s] Built target ament_cmake_python_build_pmb2_description_egg
[0.630s] Invoked command in '/home/edmund-munene/Documents/Programming-language-basics/Linux/Robotics/AConciseIntroductiontoRobotProgrammingwithROS2/bookros2_ws/build/pmb2_description' returned '0': AMENT_PREFIX_PATH=/home/edmund-munene/Documents/Programming-language-basics/Linux/Robotics/AConciseIntroductiontoRobotProgrammingwithROS2/bookros2_ws/install/pal_urdf_utils:/home/edmund-munene/Documents/Programming-language-basics/Linux/Robotics/AConciseIntroductiontoRobotProgrammingwithROS2/bookros2_ws/install/launch_pal:${AMENT_PREFIX_PATH} CMAKE_PREFIX_PATH=/home/edmund-munene/Documents/Programming-language-basics/Linux/Robotics/AConciseIntroductiontoRobotProgrammingwithROS2/bookros2_ws/install/pal_urdf_utils:/opt/ros/jazzy/opt/gz_sim_vendor:/opt/ros/jazzy/opt/gz_sensors_vendor:/opt/ros/jazzy/opt/gz_physics_vendor:/opt/ros/jazzy/opt/sdformat_vendor:/opt/ros/jazzy/opt/gz_gui_vendor:/opt/ros/jazzy/opt/gz_transport_vendor:/opt/ros/jazzy/opt/gz_rendering_vendor:/opt/ros/jazzy/opt/gz_plugin_vendor:/opt/ros/jazzy/opt/gz_fuel_tools_vendor:/opt/ros/jazzy/opt/gz_msgs_vendor:/opt/ros/jazzy/opt/gz_common_vendor:/opt/ros/jazzy/opt/gz_math_vendor:/opt/ros/jazzy/opt/gz_utils_vendor:/opt/ros/jazzy/opt/gz_tools_vendor:/opt/ros/jazzy/opt/gz_ogre_next_vendor:/opt/ros/jazzy/opt/gz_dartsim_vendor:/opt/ros/jazzy/opt/gz_cmake_vendor:/opt/ros/jazzy DEBUGINFOD_URLS=https://debuginfod.ubuntu.com PYTHONPATH=/home/edmund-munene/Documents/Programming-language-basics/Linux/Robotics/AConciseIntroductiontoRobotProgrammingwithROS2/bookros2_ws/build/launch_pal:/home/edmund-munene/Documents/Programming-language-basics/Linux/Robotics/AConciseIntroductiontoRobotProgrammingwithROS2/bookros2_ws/install/launch_pal/lib/python3.12/site-packages:${PYTHONPATH} /usr/bin/cmake --build /home/edmund-munene/Documents/Programming-language-basics/Linux/Robotics/AConciseIntroductiontoRobotProgrammingwithROS2/bookros2_ws/build/pmb2_description -- -j12 -l12
[0.632s] Invoking command in '/home/edmund-munene/Documents/Programming-language-basics/Linux/Robotics/AConciseIntroductiontoRobotProgrammingwithROS2/bookros2_ws/build/pmb2_description': AMENT_PREFIX_PATH=/home/edmund-munene/Documents/Programming-language-basics/Linux/Robotics/AConciseIntroductiontoRobotProgrammingwithROS2/bookros2_ws/install/pal_urdf_utils:/home/edmund-munene/Documents/Programming-language-basics/Linux/Robotics/AConciseIntroductiontoRobotProgrammingwithROS2/bookros2_ws/install/launch_pal:${AMENT_PREFIX_PATH} CMAKE_PREFIX_PATH=/home/edmund-munene/Documents/Programming-language-basics/Linux/Robotics/AConciseIntroductiontoRobotProgrammingwithROS2/bookros2_ws/install/pal_urdf_utils:/opt/ros/jazzy/opt/gz_sim_vendor:/opt/ros/jazzy/opt/gz_sensors_vendor:/opt/ros/jazzy/opt/gz_physics_vendor:/opt/ros/jazzy/opt/sdformat_vendor:/opt/ros/jazzy/opt/gz_gui_vendor:/opt/ros/jazzy/opt/gz_transport_vendor:/opt/ros/jazzy/opt/gz_rendering_vendor:/opt/ros/jazzy/opt/gz_plugin_vendor:/opt/ros/jazzy/opt/gz_fuel_tools_vendor:/opt/ros/jazzy/opt/gz_msgs_vendor:/opt/ros/jazzy/opt/gz_common_vendor:/opt/ros/jazzy/opt/gz_math_vendor:/opt/ros/jazzy/opt/gz_utils_vendor:/opt/ros/jazzy/opt/gz_tools_vendor:/opt/ros/jazzy/opt/gz_ogre_next_vendor:/opt/ros/jazzy/opt/gz_dartsim_vendor:/opt/ros/jazzy/opt/gz_cmake_vendor:/opt/ros/jazzy DEBUGINFOD_URLS=https://debuginfod.ubuntu.com PYTHONPATH=/home/edmund-munene/Documents/Programming-language-basics/Linux/Robotics/AConciseIntroductiontoRobotProgrammingwithROS2/bookros2_ws/build/launch_pal:/home/edmund-munene/Documents/Programming-language-basics/Linux/Robotics/AConciseIntroductiontoRobotProgrammingwithROS2/bookros2_ws/install/launch_pal/lib/python3.12/site-packages:${PYTHONPATH} /usr/bin/cmake --install /home/edmund-munene/Documents/Programming-language-basics/Linux/Robotics/AConciseIntroductiontoRobotProgrammingwithROS2/bookros2_ws/build/pmb2_description
[0.641s] -- Install configuration: ""
[0.642s] -- Execute custom install script
[0.642s] -- Up-to-date symlink: /home/edmund-munene/Documents/Programming-language-basics/Linux/Robotics/AConciseIntroductiontoRobotProgrammingwithROS2/bookros2_ws/install/pmb2_description/share/pmb2_description/environment/pythonpath.sh
[0.642s] -- Up-to-date symlink: /home/edmund-munene/Documents/Programming-language-basics/Linux/Robotics/AConciseIntroductiontoRobotProgrammingwithROS2/bookros2_ws/install/pmb2_description/share/pmb2_description/environment/pythonpath.dsv
[0.642s] -- Up-to-date symlink: /home/edmund-munene/Documents/Programming-language-basics/Linux/Robotics/AConciseIntroductiontoRobotProgrammingwithROS2/bookros2_ws/install/pmb2_description/lib/python3.12/site-packages/pmb2_description-5.0.26-py3.12.egg-info/PKG-INFO
[0.643s] -- Up-to-date symlink: /home/edmund-munene/Documents/Programming-language-basics/Linux/Robotics/AConciseIntroductiontoRobotProgrammingwithROS2/bookros2_ws/install/pmb2_description/lib/python3.12/site-packages/pmb2_description-5.0.26-py3.12.egg-info/SOURCES.txt
[0.643s] -- Up-to-date symlink: /home/edmund-munene/Documents/Programming-language-basics/Linux/Robotics/AConciseIntroductiontoRobotProgrammingwithROS2/bookros2_ws/install/pmb2_description/lib/python3.12/site-packages/pmb2_description-5.0.26-py3.12.egg-info/dependency_links.txt
[0.643s] -- Up-to-date symlink: /home/edmund-munene/Documents/Programming-language-basics/Linux/Robotics/AConciseIntroductiontoRobotProgrammingwithROS2/bookros2_ws/install/pmb2_description/lib/python3.12/site-packages/pmb2_description-5.0.26-py3.12.egg-info/top_level.txt
[0.643s] -- Up-to-date symlink: /home/edmund-munene/Documents/Programming-language-basics/Linux/Robotics/AConciseIntroductiontoRobotProgrammingwithROS2/bookros2_ws/install/pmb2_description/lib/python3.12/site-packages/pmb2_description/__init__.py
[0.644s] -- Up-to-date symlink: /home/edmund-munene/Documents/Programming-language-basics/Linux/Robotics/AConciseIntroductiontoRobotProgrammingwithROS2/bookros2_ws/install/pmb2_description/lib/python3.12/site-packages/pmb2_description/launch_arguments.py
[0.644s] -- Up-to-date symlink: /home/edmund-munene/Documents/Programming-language-basics/Linux/Robotics/AConciseIntroductiontoRobotProgrammingwithROS2/bookros2_ws/install/pmb2_description/share/pmb2_description/rviz/pmb2.rviz
[0.644s] -- Up-to-date symlink: /home/edmund-munene/Documents/Programming-language-basics/Linux/Robotics/AConciseIntroductiontoRobotProgrammingwithROS2/bookros2_ws/install/pmb2_description/share/pmb2_description/launch/robot_state_publisher.launch.py
[0.644s] -- Up-to-date symlink: /home/edmund-munene/Documents/Programming-language-basics/Linux/Robotics/AConciseIntroductiontoRobotProgrammingwithROS2/bookros2_ws/install/pmb2_description/share/pmb2_description/launch/show.launch.py
[0.646s] -- Up-to-date symlink: /home/edmund-munene/Documents/Programming-language-basics/Linux/Robotics/AConciseIntroductiontoRobotProgrammingwithROS2/bookros2_ws/install/pmb2_description/share/pmb2_description/meshes/base/base.stl
[0.646s] -- Up-to-date symlink: /home/edmund-munene/Documents/Programming-language-basics/Linux/Robotics/AConciseIntroductiontoRobotProgrammingwithROS2/bookros2_ws/install/pmb2_description/share/pmb2_description/meshes/base/base_collision.dae
[0.646s] -- Up-to-date symlink: /home/edmund-munene/Documents/Programming-language-basics/Linux/Robotics/AConciseIntroductiontoRobotProgrammingwithROS2/bookros2_ws/install/pmb2_description/share/pmb2_description/meshes/base/base_ring.stl
[0.646s] -- Up-to-date symlink: /home/edmund-munene/Documents/Programming-language-basics/Linux/Robotics/AConciseIntroductiontoRobotProgrammingwithROS2/bookros2_ws/install/pmb2_description/share/pmb2_description/meshes/base/high_resolution/base.stl
[0.646s] -- Up-to-date symlink: /home/edmund-munene/Documents/Programming-language-basics/Linux/Robotics/AConciseIntroductiontoRobotProgrammingwithROS2/bookros2_ws/install/pmb2_description/share/pmb2_description/meshes/base/high_resolution/base_collision.stl
[0.646s] -- Up-to-date symlink: /home/edmund-munene/Documents/Programming-language-basics/Linux/Robotics/AConciseIntroductiontoRobotProgrammingwithROS2/bookros2_ws/install/pmb2_description/share/pmb2_description/meshes/cameras_add_on/cameras_add_on.stl
[0.646s] -- Up-to-date symlink: /home/edmund-munene/Documents/Programming-language-basics/Linux/Robotics/AConciseIntroductiontoRobotProgrammingwithROS2/bookros2_ws/install/pmb2_description/share/pmb2_description/meshes/cameras_add_on/cameras_add_on_collision.stl
[0.646s] -- Up-to-date symlink: /home/edmund-munene/Documents/Programming-language-basics/Linux/Robotics/AConciseIntroductiontoRobotProgrammingwithROS2/bookros2_ws/install/pmb2_description/share/pmb2_description/meshes/dock/dock.stl
[0.646s] -- Up-to-date symlink: /home/edmund-munene/Documents/Programming-language-basics/Linux/Robotics/AConciseIntroductiontoRobotProgrammingwithROS2/bookros2_ws/install/pmb2_description/share/pmb2_description/meshes/dock/dock_collision.stl
[0.646s] -- Up-to-date symlink: /home/edmund-munene/Documents/Programming-language-basics/Linux/Robotics/AConciseIntroductiontoRobotProgrammingwithROS2/bookros2_ws/install/pmb2_description/share/pmb2_description/meshes/objects/antenna.stl
[0.647s] -- Up-to-date symlink: /home/edmund-munene/Documents/Programming-language-basics/Linux/Robotics/AConciseIntroductiontoRobotProgrammingwithROS2/bookros2_ws/install/pmb2_description/share/pmb2_description/meshes/objects/cover.stl
[0.647s] -- Up-to-date symlink: /home/edmund-munene/Documents/Programming-language-basics/Linux/Robotics/AConciseIntroductiontoRobotProgrammingwithROS2/bookros2_ws/install/pmb2_description/share/pmb2_description/meshes/objects/high_resolution/cover.stl
[0.647s] -- Up-to-date symlink: /home/edmund-munene/Documents/Programming-language-basics/Linux/Robotics/AConciseIntroductiontoRobotProgrammingwithROS2/bookros2_ws/install/pmb2_description/share/pmb2_description/meshes/sensors/bumper.stl
[0.647s] -- Up-to-date symlink: /home/edmund-munene/Documents/Programming-language-basics/Linux/Robotics/AConciseIntroductiontoRobotProgrammingwithROS2/bookros2_ws/install/pmb2_description/share/pmb2_description/meshes/sensors/bumper_collision.stl
[0.647s] -- Up-to-date symlink: /home/edmund-munene/Documents/Programming-language-basics/Linux/Robotics/AConciseIntroductiontoRobotProgrammingwithROS2/bookros2_ws/install/pmb2_description/share/pmb2_description/meshes/sensors/elp_camera.stl
[0.647s] -- Up-to-date symlink: /home/edmund-munene/Documents/Programming-language-basics/Linux/Robotics/AConciseIntroductiontoRobotProgrammingwithROS2/bookros2_ws/install/pmb2_description/share/pmb2_description/meshes/sensors/high_resolution/bumper.stl
[0.647s] -- Up-to-date symlink: /home/edmund-munene/Documents/Programming-language-basics/Linux/Robotics/AConciseIntroductiontoRobotProgrammingwithROS2/bookros2_ws/install/pmb2_description/share/pmb2_description/meshes/sensors/high_resolution/hokuyo_urg_04lx_ug01.stl
[0.648s] -- Up-to-date symlink: /home/edmund-munene/Documents/Programming-language-basics/Linux/Robotics/AConciseIntroductiontoRobotProgrammingwithROS2/bookros2_ws/install/pmb2_description/share/pmb2_description/meshes/sensors/high_resolution/sick_tim551.stl
[0.648s] -- Up-to-date symlink: /home/edmund-munene/Documents/Programming-language-basics/Linux/Robotics/AConciseIntroductiontoRobotProgrammingwithROS2/bookros2_ws/install/pmb2_description/share/pmb2_description/meshes/sensors/high_resolution/srf05.stl
[0.648s] -- Up-to-date symlink: /home/edmund-munene/Documents/Programming-language-basics/Linux/Robotics/AConciseIntroductiontoRobotProgrammingwithROS2/bookros2_ws/install/pmb2_description/share/pmb2_description/meshes/sensors/high_resolution/xtion_pro_live.stl
[0.648s] -- Up-to-date symlink: /home/edmund-munene/Documents/Programming-language-basics/Linux/Robotics/AConciseIntroductiontoRobotProgrammingwithROS2/bookros2_ws/install/pmb2_description/share/pmb2_description/meshes/sensors/hokuyo_urg_04lx_ug01.stl
[0.648s] -- Up-to-date symlink: /home/edmund-munene/Documents/Programming-language-basics/Linux/Robotics/AConciseIntroductiontoRobotProgrammingwithROS2/bookros2_ws/install/pmb2_description/share/pmb2_description/meshes/sensors/sick_tim551.stl
[0.648s] -- Up-to-date symlink: /home/edmund-munene/Documents/Programming-language-basics/Linux/Robotics/AConciseIntroductiontoRobotProgrammingwithROS2/bookros2_ws/install/pmb2_description/share/pmb2_description/meshes/sensors/srf05.stl
[0.649s] -- Up-to-date symlink: /home/edmund-munene/Documents/Programming-language-basics/Linux/Robotics/AConciseIntroductiontoRobotProgrammingwithROS2/bookros2_ws/install/pmb2_description/share/pmb2_description/meshes/sensors/structure_sensor.stl
[0.649s] -- Up-to-date symlink: /home/edmund-munene/Documents/Programming-language-basics/Linux/Robotics/AConciseIntroductiontoRobotProgrammingwithROS2/bookros2_ws/install/pmb2_description/share/pmb2_description/meshes/sensors/xtion_pro_live.dae
[0.649s] -- Up-to-date symlink: /home/edmund-munene/Documents/Programming-language-basics/Linux/Robotics/AConciseIntroductiontoRobotProgrammingwithROS2/bookros2_ws/install/pmb2_description/share/pmb2_description/meshes/wheels/caster_1.stl
[0.649s] -- Up-to-date symlink: /home/edmund-munene/Documents/Programming-language-basics/Linux/Robotics/AConciseIntroductiontoRobotProgrammingwithROS2/bookros2_ws/install/pmb2_description/share/pmb2_description/meshes/wheels/caster_2.stl
[0.649s] -- Up-to-date symlink: /home/edmund-munene/Documents/Programming-language-basics/Linux/Robotics/AConciseIntroductiontoRobotProgrammingwithROS2/bookros2_ws/install/pmb2_description/share/pmb2_description/meshes/wheels/high_resolution/caster_1.stl
[0.649s] -- Up-to-date symlink: /home/edmund-munene/Documents/Programming-language-basics/Linux/Robotics/AConciseIntroductiontoRobotProgrammingwithROS2/bookros2_ws/install/pmb2_description/share/pmb2_description/meshes/wheels/high_resolution/caster_2.stl
[0.649s] -- Up-to-date symlink: /home/edmund-munene/Documents/Programming-language-basics/Linux/Robotics/AConciseIntroductiontoRobotProgrammingwithROS2/bookros2_ws/install/pmb2_description/share/pmb2_description/meshes/wheels/high_resolution/wheel.stl
[0.650s] -- Up-to-date symlink: /home/edmund-munene/Documents/Programming-language-basics/Linux/Robotics/AConciseIntroductiontoRobotProgrammingwithROS2/bookros2_ws/install/pmb2_description/share/pmb2_description/meshes/wheels/wheel.stl
[0.651s] -- Up-to-date symlink: /home/edmund-munene/Documents/Programming-language-basics/Linux/Robotics/AConciseIntroductiontoRobotProgrammingwithROS2/bookros2_ws/install/pmb2_description/share/pmb2_description/config/pmb2_configuration.yaml
[0.651s] -- Up-to-date symlink: /home/edmund-munene/Documents/Programming-language-basics/Linux/Robotics/AConciseIntroductiontoRobotProgrammingwithROS2/bookros2_ws/install/pmb2_description/share/pmb2_description/robots/pmb2.urdf.xacro
[0.651s] -- Up-to-date symlink: /home/edmund-munene/Documents/Programming-language-basics/Linux/Robotics/AConciseIntroductiontoRobotProgrammingwithROS2/bookros2_ws/install/pmb2_description/share/pmb2_description/ros2_control/gazebo_controller_manager_cfg.yaml
[0.651s] -- Up-to-date symlink: /home/edmund-munene/Documents/Programming-language-basics/Linux/Robotics/AConciseIntroductiontoRobotProgrammingwithROS2/bookros2_ws/install/pmb2_description/share/pmb2_description/ros2_control/ros2_control.urdf.xacro
[0.653s] -- Up-to-date symlink: /home/edmund-munene/Documents/Programming-language-basics/Linux/Robotics/AConciseIntroductiontoRobotProgrammingwithROS2/bookros2_ws/install/pmb2_description/share/pmb2_description/urdf/base/base.gazebo.xacro
[0.654s] -- Up-to-date symlink: /home/edmund-munene/Documents/Programming-language-basics/Linux/Robotics/AConciseIntroductiontoRobotProgrammingwithROS2/bookros2_ws/install/pmb2_description/share/pmb2_description/urdf/base/base.urdf.xacro
[0.654s] -- Up-to-date symlink: /home/edmund-munene/Documents/Programming-language-basics/Linux/Robotics/AConciseIntroductiontoRobotProgrammingwithROS2/bookros2_ws/install/pmb2_description/share/pmb2_description/urdf/base/base_sensors.urdf.xacro
[0.654s] -- Up-to-date symlink: /home/edmund-munene/Documents/Programming-language-basics/Linux/Robotics/AConciseIntroductiontoRobotProgrammingwithROS2/bookros2_ws/install/pmb2_description/share/pmb2_description/urdf/cameras_add_on/cameras_add_on.urdf.xacro
[0.654s] -- Up-to-date symlink: /home/edmund-munene/Documents/Programming-language-basics/Linux/Robotics/AConciseIntroductiontoRobotProgrammingwithROS2/bookros2_ws/install/pmb2_description/share/pmb2_description/urdf/dock/dock.urdf.xacro
[0.654s] -- Up-to-date symlink: /home/edmund-munene/Documents/Programming-language-basics/Linux/Robotics/AConciseIntroductiontoRobotProgrammingwithROS2/bookros2_ws/install/pmb2_description/share/pmb2_description/urdf/objects/antenna.urdf.xacro
[0.654s] -- Up-to-date symlink: /home/edmund-munene/Documents/Programming-language-basics/Linux/Robotics/AConciseIntroductiontoRobotProgrammingwithROS2/bookros2_ws/install/pmb2_description/share/pmb2_description/urdf/objects/cover.urdf.xacro
[0.655s] -- Up-to-date symlink: /home/edmund-munene/Documents/Programming-language-basics/Linux/Robotics/AConciseIntroductiontoRobotProgrammingwithROS2/bookros2_ws/install/pmb2_description/share/pmb2_description/urdf/sensors/bumper.gazebo.xacro
[0.655s] -- Up-to-date symlink: /home/edmund-munene/Documents/Programming-language-basics/Linux/Robotics/AConciseIntroductiontoRobotProgrammingwithROS2/bookros2_ws/install/pmb2_description/share/pmb2_description/urdf/sensors/bumper.urdf.xacro
[0.655s] -- Up-to-date symlink: /home/edmund-munene/Documents/Programming-language-basics/Linux/Robotics/AConciseIntroductiontoRobotProgrammingwithROS2/bookros2_ws/install/pmb2_description/share/pmb2_description/urdf/sensors/courier.urdf.xacro
[0.655s] -- Up-to-date symlink: /home/edmund-munene/Documents/Programming-language-basics/Linux/Robotics/AConciseIntroductiontoRobotProgrammingwithROS2/bookros2_ws/install/pmb2_description/share/pmb2_description/urdf/sensors/elp_rgb.gazebo.xacro
[0.656s] -- Up-to-date symlink: /home/edmund-munene/Documents/Programming-language-basics/Linux/Robotics/AConciseIntroductiontoRobotProgrammingwithROS2/bookros2_ws/install/pmb2_description/share/pmb2_description/urdf/sensors/elp_rgb.urdf.xacro
[0.656s] -- Up-to-date symlink: /home/edmund-munene/Documents/Programming-language-basics/Linux/Robotics/AConciseIntroductiontoRobotProgrammingwithROS2/bookros2_ws/install/pmb2_description/share/pmb2_description/urdf/sensors/hokuyo_urg_04lx_ug01_laser.gazebo.xacro
[0.656s] -- Up-to-date symlink: /home/edmund-munene/Documents/Programming-language-basics/Linux/Robotics/AConciseIntroductiontoRobotProgrammingwithROS2/bookros2_ws/install/pmb2_description/share/pmb2_description/urdf/sensors/hokuyo_urg_04lx_ug01_laser.urdf.xacro
[0.656s] -- Up-to-date symlink: /home/edmund-munene/Documents/Programming-language-basics/Linux/Robotics/AConciseIntroductiontoRobotProgrammingwithROS2/bookros2_ws/install/pmb2_description/share/pmb2_description/urdf/sensors/imu.gazebo.xacro
[0.657s] -- Up-to-date symlink: /home/edmund-munene/Documents/Programming-language-basics/Linux/Robotics/AConciseIntroductiontoRobotProgrammingwithROS2/bookros2_ws/install/pmb2_description/share/pmb2_description/urdf/sensors/imu.urdf.xacro
[0.657s] -- Up-to-date symlink: /home/edmund-munene/Documents/Programming-language-basics/Linux/Robotics/AConciseIntroductiontoRobotProgrammingwithROS2/bookros2_ws/install/pmb2_description/share/pmb2_description/urdf/sensors/microphone.urdf.xacro
[0.657s] -- Up-to-date symlink: /home/edmund-munene/Documents/Programming-language-basics/Linux/Robotics/AConciseIntroductiontoRobotProgrammingwithROS2/bookros2_ws/install/pmb2_description/share/pmb2_description/urdf/sensors/range.gazebo.xacro
[0.657s] -- Up-to-date symlink: /home/edmund-munene/Documents/Programming-language-basics/Linux/Robotics/AConciseIntroductiontoRobotProgrammingwithROS2/bookros2_ws/install/pmb2_description/share/pmb2_description/urdf/sensors/range.urdf.xacro
[0.657s] -- Up-to-date symlink: /home/edmund-munene/Documents/Programming-language-basics/Linux/Robotics/AConciseIntroductiontoRobotProgrammingwithROS2/bookros2_ws/install/pmb2_description/share/pmb2_description/urdf/sensors/sensors.ros2_control.xacro
[0.658s] -- Up-to-date symlink: /home/edmund-munene/Documents/Programming-language-basics/Linux/Robotics/AConciseIntroductiontoRobotProgrammingwithROS2/bookros2_ws/install/pmb2_description/share/pmb2_description/urdf/sensors/sick_tim551_laser.gazebo.xacro
[0.658s] -- Up-to-date symlink: /home/edmund-munene/Documents/Programming-language-basics/Linux/Robotics/AConciseIntroductiontoRobotProgrammingwithROS2/bookros2_ws/install/pmb2_description/share/pmb2_description/urdf/sensors/sick_tim551_laser.urdf.xacro
[0.658s] -- Up-to-date symlink: /home/edmund-munene/Documents/Programming-language-basics/Linux/Robotics/AConciseIntroductiontoRobotProgrammingwithROS2/bookros2_ws/install/pmb2_description/share/pmb2_description/urdf/sensors/sick_tim561_laser.gazebo.xacro
[0.658s] -- Up-to-date symlink: /home/edmund-munene/Documents/Programming-language-basics/Linux/Robotics/AConciseIntroductiontoRobotProgrammingwithROS2/bookros2_ws/install/pmb2_description/share/pmb2_description/urdf/sensors/sick_tim561_laser.urdf.xacro
[0.659s] -- Up-to-date symlink: /home/edmund-munene/Documents/Programming-language-basics/Linux/Robotics/AConciseIntroductiontoRobotProgrammingwithROS2/bookros2_ws/install/pmb2_description/share/pmb2_description/urdf/sensors/sick_tim571_laser.gazebo.xacro
[0.659s] -- Up-to-date symlink: /home/edmund-munene/Documents/Programming-language-basics/Linux/Robotics/AConciseIntroductiontoRobotProgrammingwithROS2/bookros2_ws/install/pmb2_description/share/pmb2_description/urdf/sensors/sick_tim571_laser.urdf.xacro
[0.659s] -- Up-to-date symlink: /home/edmund-munene/Documents/Programming-language-basics/Linux/Robotics/AConciseIntroductiontoRobotProgrammingwithROS2/bookros2_ws/install/pmb2_description/share/pmb2_description/urdf/sensors/structure_sensor.gazebo.xacro
[0.659s] -- Up-to-date symlink: /home/edmund-munene/Documents/Programming-language-basics/Linux/Robotics/AConciseIntroductiontoRobotProgrammingwithROS2/bookros2_ws/install/pmb2_description/share/pmb2_description/urdf/sensors/structure_sensor.urdf.xacro
[0.659s] -- Up-to-date symlink: /home/edmund-munene/Documents/Programming-language-basics/Linux/Robotics/AConciseIntroductiontoRobotProgrammingwithROS2/bookros2_ws/install/pmb2_description/share/pmb2_description/urdf/wheels/caster.gazebo.xacro
[0.660s] -- Up-to-date symlink: /home/edmund-munene/Documents/Programming-language-basics/Linux/Robotics/AConciseIntroductiontoRobotProgrammingwithROS2/bookros2_ws/install/pmb2_description/share/pmb2_description/urdf/wheels/caster.urdf.xacro
[0.660s] -- Up-to-date symlink: /home/edmund-munene/Documents/Programming-language-basics/Linux/Robotics/AConciseIntroductiontoRobotProgrammingwithROS2/bookros2_ws/install/pmb2_description/share/pmb2_description/urdf/wheels/wheel.gazebo.xacro
[0.660s] -- Up-to-date symlink: /home/edmund-munene/Documents/Programming-language-basics/Linux/Robotics/AConciseIntroductiontoRobotProgrammingwithROS2/bookros2_ws/install/pmb2_description/share/pmb2_description/urdf/wheels/wheel.ros2_control.xacro
[0.660s] -- Up-to-date symlink: /home/edmund-munene/Documents/Programming-language-basics/Linux/Robotics/AConciseIntroductiontoRobotProgrammingwithROS2/bookros2_ws/install/pmb2_description/share/pmb2_description/urdf/wheels/wheel.urdf.xacro
[0.661s] -- Up-to-date symlink: /home/edmund-munene/Documents/Programming-language-basics/Linux/Robotics/AConciseIntroductiontoRobotProgrammingwithROS2/bookros2_ws/install/pmb2_description/share/ament_index/resource_index/package_run_dependencies/pmb2_description
[0.661s] -- Up-to-date symlink: /home/edmund-munene/Documents/Programming-language-basics/Linux/Robotics/AConciseIntroductiontoRobotProgrammingwithROS2/bookros2_ws/install/pmb2_description/share/ament_index/resource_index/parent_prefix_path/pmb2_description
[0.661s] -- Up-to-date symlink: /home/edmund-munene/Documents/Programming-language-basics/Linux/Robotics/AConciseIntroductiontoRobotProgrammingwithROS2/bookros2_ws/install/pmb2_description/share/pmb2_description/environment/ament_prefix_path.sh
[0.662s] -- Up-to-date symlink: /home/edmund-munene/Documents/Programming-language-basics/Linux/Robotics/AConciseIntroductiontoRobotProgrammingwithROS2/bookros2_ws/install/pmb2_description/share/pmb2_description/environment/ament_prefix_path.dsv
[0.662s] -- Up-to-date symlink: /home/edmund-munene/Documents/Programming-language-basics/Linux/Robotics/AConciseIntroductiontoRobotProgrammingwithROS2/bookros2_ws/install/pmb2_description/share/pmb2_description/environment/path.sh
[0.662s] -- Up-to-date symlink: /home/edmund-munene/Documents/Programming-language-basics/Linux/Robotics/AConciseIntroductiontoRobotProgrammingwithROS2/bookros2_ws/install/pmb2_description/share/pmb2_description/environment/path.dsv
[0.663s] -- Up-to-date symlink: /home/edmund-munene/Documents/Programming-language-basics/Linux/Robotics/AConciseIntroductiontoRobotProgrammingwithROS2/bookros2_ws/install/pmb2_description/share/pmb2_description/local_setup.bash
[0.663s] -- Up-to-date symlink: /home/edmund-munene/Documents/Programming-language-basics/Linux/Robotics/AConciseIntroductiontoRobotProgrammingwithROS2/bookros2_ws/install/pmb2_description/share/pmb2_description/local_setup.sh
[0.663s] -- Up-to-date symlink: /home/edmund-munene/Documents/Programming-language-basics/Linux/Robotics/AConciseIntroductiontoRobotProgrammingwithROS2/bookros2_ws/install/pmb2_description/share/pmb2_description/local_setup.zsh
[0.664s] -- Up-to-date symlink: /home/edmund-munene/Documents/Programming-language-basics/Linux/Robotics/AConciseIntroductiontoRobotProgrammingwithROS2/bookros2_ws/install/pmb2_description/share/pmb2_description/local_setup.dsv
[0.664s] -- Symlinking: /home/edmund-munene/Documents/Programming-language-basics/Linux/Robotics/AConciseIntroductiontoRobotProgrammingwithROS2/bookros2_ws/install/pmb2_description/share/pmb2_description/package.dsv
[0.680s] -- Up-to-date symlink: /home/edmund-munene/Documents/Programming-language-basics/Linux/Robotics/AConciseIntroductiontoRobotProgrammingwithROS2/bookros2_ws/install/pmb2_description/share/ament_index/resource_index/packages/pmb2_description
[0.680s] -- Up-to-date symlink: /home/edmund-munene/Documents/Programming-language-basics/Linux/Robotics/AConciseIntroductiontoRobotProgrammingwithROS2/bookros2_ws/install/pmb2_description/share/pmb2_description/cmake/pmb2_descriptionConfig.cmake
[0.681s] -- Up-to-date symlink: /home/edmund-munene/Documents/Programming-language-basics/Linux/Robotics/AConciseIntroductiontoRobotProgrammingwithROS2/bookros2_ws/install/pmb2_description/share/pmb2_description/cmake/pmb2_descriptionConfig-version.cmake
[0.681s] -- Up-to-date symlink: /home/edmund-munene/Documents/Programming-language-basics/Linux/Robotics/AConciseIntroductiontoRobotProgrammingwithROS2/bookros2_ws/install/pmb2_description/share/pmb2_description/package.xml
[0.728s] Listing '/home/edmund-munene/Documents/Programming-language-basics/Linux/Robotics/AConciseIntroductiontoRobotProgrammingwithROS2/bookros2_ws/install/pmb2_description/lib/python3.12/site-packages/pmb2_description'...
[0.737s] Invoked command in '/home/edmund-munene/Documents/Programming-language-basics/Linux/Robotics/AConciseIntroductiontoRobotProgrammingwithROS2/bookros2_ws/build/pmb2_description' returned '0': AMENT_PREFIX_PATH=/home/edmund-munene/Documents/Programming-language-basics/Linux/Robotics/AConciseIntroductiontoRobotProgrammingwithROS2/bookros2_ws/install/pal_urdf_utils:/home/edmund-munene/Documents/Programming-language-basics/Linux/Robotics/AConciseIntroductiontoRobotProgrammingwithROS2/bookros2_ws/install/launch_pal:${AMENT_PREFIX_PATH} CMAKE_PREFIX_PATH=/home/edmund-munene/Documents/Programming-language-basics/Linux/Robotics/AConciseIntroductiontoRobotProgrammingwithROS2/bookros2_ws/install/pal_urdf_utils:/opt/ros/jazzy/opt/gz_sim_vendor:/opt/ros/jazzy/opt/gz_sensors_vendor:/opt/ros/jazzy/opt/gz_physics_vendor:/opt/ros/jazzy/opt/sdformat_vendor:/opt/ros/jazzy/opt/gz_gui_vendor:/opt/ros/jazzy/opt/gz_transport_vendor:/opt/ros/jazzy/opt/gz_rendering_vendor:/opt/ros/jazzy/opt/gz_plugin_vendor:/opt/ros/jazzy/opt/gz_fuel_tools_vendor:/opt/ros/jazzy/opt/gz_msgs_vendor:/opt/ros/jazzy/opt/gz_common_vendor:/opt/ros/jazzy/opt/gz_math_vendor:/opt/ros/jazzy/opt/gz_utils_vendor:/opt/ros/jazzy/opt/gz_tools_vendor:/opt/ros/jazzy/opt/gz_ogre_next_vendor:/opt/ros/jazzy/opt/gz_dartsim_vendor:/opt/ros/jazzy/opt/gz_cmake_vendor:/opt/ros/jazzy DEBUGINFOD_URLS=https://debuginfod.ubuntu.com PYTHONPATH=/home/edmund-munene/Documents/Programming-language-basics/Linux/Robotics/AConciseIntroductiontoRobotProgrammingwithROS2/bookros2_ws/build/launch_pal:/home/edmund-munene/Documents/Programming-language-basics/Linux/Robotics/AConciseIntroductiontoRobotProgrammingwithROS2/bookros2_ws/install/launch_pal/lib/python3.12/site-packages:${PYTHONPATH} /usr/bin/cmake --install /home/edmund-munene/Documents/Programming-language-basics/Linux/Robotics/AConciseIntroductiontoRobotProgrammingwithROS2/bookros2_ws/build/pmb2_description
