[0.421s] Invoking command in '/home/edmund-munene/Documents/Programming-language-basics/Linux/Robotics/AConciseIntroductiontoRobotProgrammingwithROS2/bookros2_ws/build/pal_maps': CMAKE_PREFIX_PATH=${CMAKE_PREFIX_PATH}:/opt/ros/jazzy DEBUGINFOD_URLS=https://debuginfod.ubuntu.com /usr/bin/cmake --build /home/edmund-munene/Documents/Programming-language-basics/Linux/Robotics/AConciseIntroductiontoRobotProgrammingwithROS2/bookros2_ws/build/pal_maps -- -j12 -l12
[0.514s] Invoked command in '/home/edmund-munene/Documents/Programming-language-basics/Linux/Robotics/AConciseIntroductiontoRobotProgrammingwithROS2/bookros2_ws/build/pal_maps' returned '0': CMAKE_PREFIX_PATH=${CMAKE_PREFIX_PATH}:/opt/ros/jazzy DEBUGINFOD_URLS=https://debuginfod.ubuntu.com /usr/bin/cmake --build /home/edmund-munene/Documents/Programming-language-basics/Linux/Robotics/AConciseIntroductiontoRobotProgrammingwithROS2/bookros2_ws/build/pal_maps -- -j12 -l12
[0.521s] Invoking command in '/home/edmund-munene/Documents/Programming-language-basics/Linux/Robotics/AConciseIntroductiontoRobotProgrammingwithROS2/bookros2_ws/build/pal_maps': CMAKE_PREFIX_PATH=${CMAKE_PREFIX_PATH}:/opt/ros/jazzy DEBUGINFOD_URLS=https://debuginfod.ubuntu.com /usr/bin/cmake --install /home/edmund-munene/Documents/Programming-language-basics/Linux/Robotics/AConciseIntroductiontoRobotProgrammingwithROS2/bookros2_ws/build/pal_maps
[0.578s] -- Install configuration: ""
[0.591s] -- Execute custom install script
[0.591s] -- Up-to-date symlink: /home/edmund-munene/Documents/Programming-language-basics/Linux/Robotics/AConciseIntroductiontoRobotProgrammingwithROS2/bookros2_ws/install/pal_maps/share/pal_maps/maps/corridor_110cm/map.pgm
[0.591s] -- Up-to-date symlink: /home/edmund-munene/Documents/Programming-language-basics/Linux/Robotics/AConciseIntroductiontoRobotProgrammingwithROS2/bookros2_ws/install/pal_maps/share/pal_maps/maps/corridor_110cm/map.yaml
[0.591s] -- Up-to-date symlink: /home/edmund-munene/Documents/Programming-language-basics/Linux/Robotics/AConciseIntroductiontoRobotProgrammingwithROS2/bookros2_ws/install/pal_maps/share/pal_maps/maps/corridor_85cm/map.pgm
[0.591s] -- Up-to-date symlink: /home/edmund-munene/Documents/Programming-language-basics/Linux/Robotics/AConciseIntroductiontoRobotProgrammingwithROS2/bookros2_ws/install/pal_maps/share/pal_maps/maps/corridor_85cm/map.yaml
[0.592s] -- Up-to-date symlink: /home/edmund-munene/Documents/Programming-language-basics/Linux/Robotics/AConciseIntroductiontoRobotProgrammingwithROS2/bookros2_ws/install/pal_maps/share/pal_maps/maps/corridor_95cm/map.pgm
[0.592s] -- Up-to-date symlink: /home/edmund-munene/Documents/Programming-language-basics/Linux/Robotics/AConciseIntroductiontoRobotProgrammingwithROS2/bookros2_ws/install/pal_maps/share/pal_maps/maps/corridor_95cm/map.yaml
[0.593s] -- Up-to-date symlink: /home/edmund-munene/Documents/Programming-language-basics/Linux/Robotics/AConciseIntroductiontoRobotProgrammingwithROS2/bookros2_ws/install/pal_maps/share/pal_maps/maps/dynamic_obstacle_avoidance_world/map.pgm
[0.593s] -- Up-to-date symlink: /home/edmund-munene/Documents/Programming-language-basics/Linux/Robotics/AConciseIntroductiontoRobotProgrammingwithROS2/bookros2_ws/install/pal_maps/share/pal_maps/maps/dynamic_obstacle_avoidance_world/map.yaml
[0.593s] -- Up-to-date symlink: /home/edmund-munene/Documents/Programming-language-basics/Linux/Robotics/AConciseIntroductiontoRobotProgrammingwithROS2/bookros2_ws/install/pal_maps/share/pal_maps/maps/home/map.pgm
[0.597s] -- Up-to-date symlink: /home/edmund-munene/Documents/Programming-language-basics/Linux/Robotics/AConciseIntroductiontoRobotProgrammingwithROS2/bookros2_ws/install/pal_maps/share/pal_maps/maps/home/map.yaml
[0.597s] -- Up-to-date symlink: /home/edmund-munene/Documents/Programming-language-basics/Linux/Robotics/AConciseIntroductiontoRobotProgrammingwithROS2/bookros2_ws/install/pal_maps/share/pal_maps/maps/hospital/map.pgm
[0.602s] -- Up-to-date symlink: /home/edmund-munene/Documents/Programming-language-basics/Linux/Robotics/AConciseIntroductiontoRobotProgrammingwithROS2/bookros2_ws/install/pal_maps/share/pal_maps/maps/hospital/map.yaml
[0.602s] -- Up-to-date symlink: /home/edmund-munene/Documents/Programming-language-basics/Linux/Robotics/AConciseIntroductiontoRobotProgrammingwithROS2/bookros2_ws/install/pal_maps/share/pal_maps/maps/hospital_with_aruco/map.pgm
[0.603s] -- Up-to-date symlink: /home/edmund-munene/Documents/Programming-language-basics/Linux/Robotics/AConciseIntroductiontoRobotProgrammingwithROS2/bookros2_ws/install/pal_maps/share/pal_maps/maps/hospital_with_aruco/map.yaml
[0.603s] -- Up-to-date symlink: /home/edmund-munene/Documents/Programming-language-basics/Linux/Robotics/AConciseIntroductiontoRobotProgrammingwithROS2/bookros2_ws/install/pal_maps/share/pal_maps/maps/navigation_gym/map.pgm
[0.603s] -- Up-to-date symlink: /home/edmund-munene/Documents/Programming-language-basics/Linux/Robotics/AConciseIntroductiontoRobotProgrammingwithROS2/bookros2_ws/install/pal_maps/share/pal_maps/maps/navigation_gym/map.yaml
[0.603s] -- Up-to-date symlink: /home/edmund-munene/Documents/Programming-language-basics/Linux/Robotics/AConciseIntroductiontoRobotProgrammingwithROS2/bookros2_ws/install/pal_maps/share/pal_maps/maps/obstacle_avoidance_world/map.pgm
[0.604s] -- Up-to-date symlink: /home/edmund-munene/Documents/Programming-language-basics/Linux/Robotics/AConciseIntroductiontoRobotProgrammingwithROS2/bookros2_ws/install/pal_maps/share/pal_maps/maps/obstacle_avoidance_world/map.yaml
[0.605s] -- Up-to-date symlink: /home/edmund-munene/Documents/Programming-language-basics/Linux/Robotics/AConciseIntroductiontoRobotProgrammingwithROS2/bookros2_ws/install/pal_maps/share/pal_maps/maps/pal_office/map.pgm
[0.605s] -- Up-to-date symlink: /home/edmund-munene/Documents/Programming-language-basics/Linux/Robotics/AConciseIntroductiontoRobotProgrammingwithROS2/bookros2_ws/install/pal_maps/share/pal_maps/maps/pal_office/map.yaml
[0.605s] -- Up-to-date symlink: /home/edmund-munene/Documents/Programming-language-basics/Linux/Robotics/AConciseIntroductiontoRobotProgrammingwithROS2/bookros2_ws/install/pal_maps/share/pal_maps/maps/pal_office_7th_floor/map.pgm
[0.605s] -- Up-to-date symlink: /home/edmund-munene/Documents/Programming-language-basics/Linux/Robotics/AConciseIntroductiontoRobotProgrammingwithROS2/bookros2_ws/install/pal_maps/share/pal_maps/maps/pal_office_7th_floor/map.yaml
[0.606s] -- Up-to-date symlink: /home/edmund-munene/Documents/Programming-language-basics/Linux/Robotics/AConciseIntroductiontoRobotProgrammingwithROS2/bookros2_ws/install/pal_maps/share/pal_maps/maps/roscon_es_25/map.pgm
[0.606s] -- Up-to-date symlink: /home/edmund-munene/Documents/Programming-language-basics/Linux/Robotics/AConciseIntroductiontoRobotProgrammingwithROS2/bookros2_ws/install/pal_maps/share/pal_maps/maps/roscon_es_25/map.yaml
[0.606s] -- Up-to-date symlink: /home/edmund-munene/Documents/Programming-language-basics/Linux/Robotics/AConciseIntroductiontoRobotProgrammingwithROS2/bookros2_ws/install/pal_maps/share/pal_maps/maps/small_house/map.pgm
[0.606s] -- Up-to-date symlink: /home/edmund-munene/Documents/Programming-language-basics/Linux/Robotics/AConciseIntroductiontoRobotProgrammingwithROS2/bookros2_ws/install/pal_maps/share/pal_maps/maps/small_house/map.yaml
[0.606s] -- Up-to-date symlink: /home/edmund-munene/Documents/Programming-language-basics/Linux/Robotics/AConciseIntroductiontoRobotProgrammingwithROS2/bookros2_ws/install/pal_maps/share/pal_maps/maps/small_office/map.pgm
[0.611s] -- Up-to-date symlink: /home/edmund-munene/Documents/Programming-language-basics/Linux/Robotics/AConciseIntroductiontoRobotProgrammingwithROS2/bookros2_ws/install/pal_maps/share/pal_maps/maps/small_office/map.yaml
[0.611s] -- Up-to-date symlink: /home/edmund-munene/Documents/Programming-language-basics/Linux/Robotics/AConciseIntroductiontoRobotProgrammingwithROS2/bookros2_ws/install/pal_maps/share/pal_maps/maps/small_warehouse/map.pgm
[0.611s] -- Up-to-date symlink: /home/edmund-munene/Documents/Programming-language-basics/Linux/Robotics/AConciseIntroductiontoRobotProgrammingwithROS2/bookros2_ws/install/pal_maps/share/pal_maps/maps/small_warehouse/map.yaml
[0.612s] -- Up-to-date symlink: /home/edmund-munene/Documents/Programming-language-basics/Linux/Robotics/AConciseIntroductiontoRobotProgrammingwithROS2/bookros2_ws/install/pal_maps/share/pal_maps/maps/willow_garage/map.pgm
[0.612s] -- Up-to-date symlink: /home/edmund-munene/Documents/Programming-language-basics/Linux/Robotics/AConciseIntroductiontoRobotProgrammingwithROS2/bookros2_ws/install/pal_maps/share/pal_maps/maps/willow_garage/map.yaml
[0.612s] -- Up-to-date symlink: /home/edmund-munene/Documents/Programming-language-basics/Linux/Robotics/AConciseIntroductiontoRobotProgrammingwithROS2/bookros2_ws/install/pal_maps/share/ament_index/resource_index/package_run_dependencies/pal_maps
[0.612s] -- Up-to-date symlink: /home/edmund-munene/Documents/Programming-language-basics/Linux/Robotics/AConciseIntroductiontoRobotProgrammingwithROS2/bookros2_ws/install/pal_maps/share/ament_index/resource_index/parent_prefix_path/pal_maps
[0.612s] -- Up-to-date symlink: /home/edmund-munene/Documents/Programming-language-basics/Linux/Robotics/AConciseIntroductiontoRobotProgrammingwithROS2/bookros2_ws/install/pal_maps/share/pal_maps/environment/ament_prefix_path.sh
[0.612s] -- Up-to-date symlink: /home/edmund-munene/Documents/Programming-language-basics/Linux/Robotics/AConciseIntroductiontoRobotProgrammingwithROS2/bookros2_ws/install/pal_maps/share/pal_maps/environment/ament_prefix_path.dsv
[0.612s] -- Up-to-date symlink: /home/edmund-munene/Documents/Programming-language-basics/Linux/Robotics/AConciseIntroductiontoRobotProgrammingwithROS2/bookros2_ws/install/pal_maps/share/pal_maps/environment/path.sh
[0.613s] -- Up-to-date symlink: /home/edmund-munene/Documents/Programming-language-basics/Linux/Robotics/AConciseIntroductiontoRobotProgrammingwithROS2/bookros2_ws/install/pal_maps/share/pal_maps/environment/path.dsv
[0.613s] -- Up-to-date symlink: /home/edmund-munene/Documents/Programming-language-basics/Linux/Robotics/AConciseIntroductiontoRobotProgrammingwithROS2/bookros2_ws/install/pal_maps/share/pal_maps/local_setup.bash
[0.613s] -- Up-to-date symlink: /home/edmund-munene/Documents/Programming-language-basics/Linux/Robotics/AConciseIntroductiontoRobotProgrammingwithROS2/bookros2_ws/install/pal_maps/share/pal_maps/local_setup.sh
[0.615s] -- Up-to-date symlink: /home/edmund-munene/Documents/Programming-language-basics/Linux/Robotics/AConciseIntroductiontoRobotProgrammingwithROS2/bookros2_ws/install/pal_maps/share/pal_maps/local_setup.zsh
[0.615s] -- Up-to-date symlink: /home/edmund-munene/Documents/Programming-language-basics/Linux/Robotics/AConciseIntroductiontoRobotProgrammingwithROS2/bookros2_ws/install/pal_maps/share/pal_maps/local_setup.dsv
[0.615s] -- Symlinking: /home/edmund-munene/Documents/Programming-language-basics/Linux/Robotics/AConciseIntroductiontoRobotProgrammingwithROS2/bookros2_ws/install/pal_maps/share/pal_maps/package.dsv
[0.628s] -- Up-to-date symlink: /home/edmund-munene/Documents/Programming-language-basics/Linux/Robotics/AConciseIntroductiontoRobotProgrammingwithROS2/bookros2_ws/install/pal_maps/share/ament_index/resource_index/packages/pal_maps
[0.628s] -- Up-to-date symlink: /home/edmund-munene/Documents/Programming-language-basics/Linux/Robotics/AConciseIntroductiontoRobotProgrammingwithROS2/bookros2_ws/install/pal_maps/share/pal_maps/cmake/pal_mapsConfig.cmake
[0.629s] -- Up-to-date symlink: /home/edmund-munene/Documents/Programming-language-basics/Linux/Robotics/AConciseIntroductiontoRobotProgrammingwithROS2/bookros2_ws/install/pal_maps/share/pal_maps/cmake/pal_mapsConfig-version.cmake
[0.630s] -- Up-to-date symlink: /home/edmund-munene/Documents/Programming-language-basics/Linux/Robotics/AConciseIntroductiontoRobotProgrammingwithROS2/bookros2_ws/install/pal_maps/share/pal_maps/package.xml
[0.804s] Invoked command in '/home/edmund-munene/Documents/Programming-language-basics/Linux/Robotics/AConciseIntroductiontoRobotProgrammingwithROS2/bookros2_ws/build/pal_maps' returned '0': CMAKE_PREFIX_PATH=${CMAKE_PREFIX_PATH}:/opt/ros/jazzy DEBUGINFOD_URLS=https://debuginfod.ubuntu.com /usr/bin/cmake --install /home/edmund-munene/Documents/Programming-language-basics/Linux/Robotics/AConciseIntroductiontoRobotProgrammingwithROS2/bookros2_ws/build/pal_maps
